queue.c:266:12:xQueueGenericReset	32	static,ignoring_inline_asm
queue.c:397:19:xQueueGenericCreate	56	static
queue.c:463:13:prvInitialiseNewQueue	24	static
queue.c:804:12:xQueueGenericSend	48	static,ignoring_inline_asm
queue.c:1016:12:xQueueGenericSendFromISR	56	static,ignoring_inline_asm
queue.c:1183:12:xQueueGiveFromISR	48	static,ignoring_inline_asm
queue.c:1351:12:xQueueReceive	48	static,ignoring_inline_asm
queue.c:1494:12:xQueueSemaphoreTake	40	static,ignoring_inline_asm
queue.c:1713:12:xQueuePeek	48	static,ignoring_inline_asm
queue.c:1864:12:xQueueReceiveFromISR	56	static,ignoring_inline_asm
queue.c:1959:12:xQueuePeekFromISR	48	static,ignoring_inline_asm
queue.c:2014:13:uxQueueMessagesWaiting	24	static
queue.c:2030:13:uxQueueSpacesAvailable	24	static
queue.c:2047:13:uxQueueMessagesWaitingFromISR	24	static
queue.c:2059:6:vQueueDelete	24	static
queue.c:2159:19:prvCopyDataToQueue	32	static
queue.c:2242:13:prvCopyDataFromQueue	16	static
queue.c:2263:13:prvUnlockQueue	24	static
queue.c:2383:19:prvIsQueueEmpty	24	static
queue.c:2404:12:xQueueIsQueueEmptyFromISR	24	static
queue.c:2424:19:prvIsQueueFull	24	static
queue.c:2445:12:xQueueIsQueueFullFromISR	24	static
