stream_buffer.c:235:26:xStreamBufferGenericCreate	40	static
stream_buffer.c:385:6:vStreamBufferDelete	24	static
stream_buffer.c:418:12:xStreamBufferReset	32	static
stream_buffer.c:467:12:xStreamBufferSetTriggerLevel	24	static
stream_buffer.c:497:8:xStreamBufferSpacesAvailable	32	static
stream_buffer.c:529:8:xStreamBufferBytesAvailable	24	static
stream_buffer.c:541:8:xStreamBufferSend	64	static
stream_buffer.c:672:8:xStreamBufferSendFromISR	64	static,ignoring_inline_asm
stream_buffer.c:723:15:prvWriteMessageToBuffer	32	static
stream_buffer.c:766:8:xStreamBufferReceive	48	static
stream_buffer.c:870:8:xStreamBufferNextMessageLengthBytes	32	static
stream_buffer.c:910:8:xStreamBufferReceiveFromISR	64	static,ignoring_inline_asm
stream_buffer.c:967:15:prvReadMessageFromBuffer	40	static
stream_buffer.c:1019:12:xStreamBufferIsEmpty	32	static
stream_buffer.c:1043:12:xStreamBufferIsFull	32	static
stream_buffer.c:1078:12:xStreamBufferSendCompletedFromISR	48	static,ignoring_inline_asm
stream_buffer.c:1109:12:xStreamBufferReceiveCompletedFromISR	48	static,ignoring_inline_asm
stream_buffer.c:1140:15:prvWriteBytesToBuffer	32	static
stream_buffer.c:1186:15:prvReadBytesFromBuffer	32	static
stream_buffer.c:1230:15:prvBytesInBuffer	24	static
stream_buffer.c:1251:13:prvInitialiseNewStreamBuffer	24	static
