tasks.c:727:16:xTaskCreate	56	static
tasks.c:818:13:prvInitialiseNewTask	32	static
tasks.c:1069:13:prvAddNewTaskToReadyList	24	static,ignoring_inline_asm
tasks.c:1155:10:vTaskDelete	24	static,ignoring_inline_asm
tasks.c:1250:16:xTaskDelayUntil	32	static,ignoring_inline_asm
tasks.c:1337:10:vTaskDelay	24	static,ignoring_inline_asm
tasks.c:1479:17:uxTaskPriorityGet	24	static
tasks.c:1501:17:uxTaskPriorityGetFromISR	40	static,ignoring_inline_asm
tasks.c:1541:10:vTaskPrioritySet	40	static,ignoring_inline_asm
tasks.c:1707:10:vTaskSuspend	24	static,ignoring_inline_asm
tasks.c:1813:23:prvTaskIsTaskSuspended	24	static
tasks.c:1859:10:vTaskResume	24	static,ignoring_inline_asm
tasks.c:1913:16:xTaskResumeFromISR	48	static,ignoring_inline_asm
tasks.c:1988:6:vTaskStartScheduler	24	static,ignoring_inline_asm
tasks.c:2116:6:vTaskEndScheduler	16	static,ignoring_inline_asm
tasks.c:2127:6:vTaskSuspendAll	4	static,ignoring_inline_asm
tasks.c:2211:12:xTaskResumeAll	32	static,ignoring_inline_asm
tasks.c:2323:12:xTaskGetTickCount	16	static
tasks.c:2338:12:xTaskGetTickCountFromISR	16	static
tasks.c:2369:13:uxTaskGetNumberOfTasks	4	static
tasks.c:2377:8:pcTaskGetName	24	static
tasks.c:2629:12:xTaskCatchUpTicks	24	static
tasks.c:2727:12:xTaskIncrementTick	40	static
tasks.c:3012:6:vTaskSwitchContext	24	static,ignoring_inline_asm
tasks.c:3088:6:vTaskPlaceOnEventList	16	static
tasks.c:3113:6:vTaskPlaceOnUnorderedEventList	32	static
tasks.c:3174:12:xTaskRemoveFromEventList	40	static
tasks.c:3242:6:vTaskRemoveFromUnorderedEventList	32	static
tasks.c:3291:6:vTaskSetTimeOutState	16	static
tasks.c:3303:6:vTaskInternalSetTimeOutState	16	static
tasks.c:3311:12:xTaskCheckForTimeOut	32	static
tasks.c:3376:6:vTaskMissedYield	4	static
tasks.c:3432:8:prvIdleTask	16	static,ignoring_inline_asm
tasks.c:3657:13:prvInitialiseTaskLists	16	static
tasks.c:3689:13:prvCheckTasksWaitingTermination	16	static
tasks.c:3941:17:prvDeleteTCB	16	static
tasks.c:3997:13:prvResetNextTaskUnblockTime	4	static
tasks.c:4662:12:uxTaskResetEventItemValue	16	static
tasks.c:4695:14:ulTaskGenericNotifyTake	32	static,ignoring_inline_asm
tasks.c:4767:16:xTaskGenericNotifyWait	32	static,ignoring_inline_asm
tasks.c:4853:16:xTaskGenericNotify	48	static,ignoring_inline_asm
tasks.c:4976:16:xTaskGenericNotifyFromISR	64	static,ignoring_inline_asm
tasks.c:5115:10:vTaskGenericNotifyGiveFromISR	64	static,ignoring_inline_asm
tasks.c:5204:16:xTaskGenericNotifyStateClear	24	static
tasks.c:5238:14:ulTaskGenericNotifyValueClear	32	static
tasks.c:5274:13:prvAddCurrentTaskToDelayedList	32	static
