Archive member included to satisfy reference by file (symbol)

c:/st/stm32cubeide_1.4.0/stm32cubeide/plugins/com.st.stm32cube.ide.mcu.externaltools.gnu-tools-for-stm32.7-2018-q2-update.win32_1.4.0.202007081208/tools/bin/../lib/gcc/arm-none-eabi/7.3.1/../../../../arm-none-eabi/lib/thumb/v7-m\libc_nano.a(lib_a-errno.o)
                              Src/syscalls.o (__errno)
c:/st/stm32cubeide_1.4.0/stm32cubeide/plugins/com.st.stm32cube.ide.mcu.externaltools.gnu-tools-for-stm32.7-2018-q2-update.win32_1.4.0.202007081208/tools/bin/../lib/gcc/arm-none-eabi/7.3.1/../../../../arm-none-eabi/lib/thumb/v7-m\libc_nano.a(lib_a-exit.o)
                              c:/st/stm32cubeide_1.4.0/stm32cubeide/plugins/com.st.stm32cube.ide.mcu.externaltools.gnu-tools-for-stm32.7-2018-q2-update.win32_1.4.0.202007081208/tools/bin/../lib/gcc/arm-none-eabi/7.3.1/../../../../arm-none-eabi/lib/thumb/v7-m/crt0.o (exit)
c:/st/stm32cubeide_1.4.0/stm32cubeide/plugins/com.st.stm32cube.ide.mcu.externaltools.gnu-tools-for-stm32.7-2018-q2-update.win32_1.4.0.202007081208/tools/bin/../lib/gcc/arm-none-eabi/7.3.1/../../../../arm-none-eabi/lib/thumb/v7-m\libc_nano.a(lib_a-impure.o)
                              c:/st/stm32cubeide_1.4.0/stm32cubeide/plugins/com.st.stm32cube.ide.mcu.externaltools.gnu-tools-for-stm32.7-2018-q2-update.win32_1.4.0.202007081208/tools/bin/../lib/gcc/arm-none-eabi/7.3.1/../../../../arm-none-eabi/lib/thumb/v7-m\libc_nano.a(lib_a-exit.o) (_global_impure_ptr)
c:/st/stm32cubeide_1.4.0/stm32cubeide/plugins/com.st.stm32cube.ide.mcu.externaltools.gnu-tools-for-stm32.7-2018-q2-update.win32_1.4.0.202007081208/tools/bin/../lib/gcc/arm-none-eabi/7.3.1/../../../../arm-none-eabi/lib/thumb/v7-m\libc_nano.a(lib_a-init.o)
                              c:/st/stm32cubeide_1.4.0/stm32cubeide/plugins/com.st.stm32cube.ide.mcu.externaltools.gnu-tools-for-stm32.7-2018-q2-update.win32_1.4.0.202007081208/tools/bin/../lib/gcc/arm-none-eabi/7.3.1/../../../../arm-none-eabi/lib/thumb/v7-m/crt0.o (__libc_init_array)
c:/st/stm32cubeide_1.4.0/stm32cubeide/plugins/com.st.stm32cube.ide.mcu.externaltools.gnu-tools-for-stm32.7-2018-q2-update.win32_1.4.0.202007081208/tools/bin/../lib/gcc/arm-none-eabi/7.3.1/../../../../arm-none-eabi/lib/thumb/v7-m\libc_nano.a(lib_a-memcpy-stub.o)
                              FreeRTOS/queue.o (memcpy)
c:/st/stm32cubeide_1.4.0/stm32cubeide/plugins/com.st.stm32cube.ide.mcu.externaltools.gnu-tools-for-stm32.7-2018-q2-update.win32_1.4.0.202007081208/tools/bin/../lib/gcc/arm-none-eabi/7.3.1/../../../../arm-none-eabi/lib/thumb/v7-m\libc_nano.a(lib_a-memset.o)
                              c:/st/stm32cubeide_1.4.0/stm32cubeide/plugins/com.st.stm32cube.ide.mcu.externaltools.gnu-tools-for-stm32.7-2018-q2-update.win32_1.4.0.202007081208/tools/bin/../lib/gcc/arm-none-eabi/7.3.1/../../../../arm-none-eabi/lib/thumb/v7-m/crt0.o (memset)

Allocating common symbols
Common symbol       size              file

Run_ReadDoorSensor_ProvPort_SendRec_DoorState_DoorState
                    0x1               AUTOSAR_Implementation/RTE_Generation/Rte_SWC2_DoorLockIndecationAlgo.o
Run_DoorLockAlgo_ReqPort_SendRec_DoorState_DoorState
                    0x1               AUTOSAR_Implementation/RTE_Generation/Rte_SWC2_DoorLockIndecationAlgo.o

Discarded input sections

 .text          0x0000000000000000        0x0 c:/st/stm32cubeide_1.4.0/stm32cubeide/plugins/com.st.stm32cube.ide.mcu.externaltools.gnu-tools-for-stm32.7-2018-q2-update.win32_1.4.0.202007081208/tools/bin/../lib/gcc/arm-none-eabi/7.3.1/thumb/v7-m/crti.o
 .data          0x0000000000000000        0x0 c:/st/stm32cubeide_1.4.0/stm32cubeide/plugins/com.st.stm32cube.ide.mcu.externaltools.gnu-tools-for-stm32.7-2018-q2-update.win32_1.4.0.202007081208/tools/bin/../lib/gcc/arm-none-eabi/7.3.1/thumb/v7-m/crti.o
 .bss           0x0000000000000000        0x0 c:/st/stm32cubeide_1.4.0/stm32cubeide/plugins/com.st.stm32cube.ide.mcu.externaltools.gnu-tools-for-stm32.7-2018-q2-update.win32_1.4.0.202007081208/tools/bin/../lib/gcc/arm-none-eabi/7.3.1/thumb/v7-m/crti.o
 .data          0x0000000000000000        0x4 c:/st/stm32cubeide_1.4.0/stm32cubeide/plugins/com.st.stm32cube.ide.mcu.externaltools.gnu-tools-for-stm32.7-2018-q2-update.win32_1.4.0.202007081208/tools/bin/../lib/gcc/arm-none-eabi/7.3.1/thumb/v7-m/crtbegin.o
 .text          0x0000000000000000       0x74 c:/st/stm32cubeide_1.4.0/stm32cubeide/plugins/com.st.stm32cube.ide.mcu.externaltools.gnu-tools-for-stm32.7-2018-q2-update.win32_1.4.0.202007081208/tools/bin/../lib/gcc/arm-none-eabi/7.3.1/../../../../arm-none-eabi/lib/thumb/v7-m/crt0.o
 .data          0x0000000000000000        0x0 c:/st/stm32cubeide_1.4.0/stm32cubeide/plugins/com.st.stm32cube.ide.mcu.externaltools.gnu-tools-for-stm32.7-2018-q2-update.win32_1.4.0.202007081208/tools/bin/../lib/gcc/arm-none-eabi/7.3.1/../../../../arm-none-eabi/lib/thumb/v7-m/crt0.o
[...]
Memory Configuration

Name             Origin             Length             Attributes
RAM              0x0000000020000000 0x0000000000002800 xrw
ROM              0x0000000008000000 0x0000000000008000 xr
*default*        0x0000000000000000 0xffffffffffffffff

Linker script and memory map

LOAD c:/st/stm32cubeide_1.4.0/stm32cubeide/plugins/com.st.stm32cube.ide.mcu.externaltools.gnu-tools-for-stm32.7-2018-q2-update.win32_1.4.0.202007081208/tools/bin/../lib/gcc/arm-none-eabi/7.3.1/thumb/v7-m/crti.o
LOAD c:/st/stm32cubeide_1.4.0/stm32cubeide/plugins/com.st.stm32cube.ide.mcu.externaltools.gnu-tools-for-stm32.7-2018-q2-update.win32_1.4.0.202007081208/tools/bin/../lib/gcc/arm-none-eabi/7.3.1/thumb/v7-m/crtbegin.o
LOAD c:/st/stm32cubeide_1.4.0/stm32cubeide/plugins/com.st.stm32cube.ide.mcu.externaltools.gnu-tools-for-stm32.7-2018-q2-update.win32_1.4.0.202007081208/tools/bin/../lib/gcc/arm-none-eabi/7.3.1/../../../../arm-none-eabi/lib/thumb/v7-m/crt0.o
LOAD AUTOSAR_Implementation/MCAL/DIO.o
LOAD AUTOSAR_Implementation/MCAL/STM32_F103C6_GPIO_DRIVERS.o
LOAD AUTOSAR_Implementation/MCAL/Timer.o
LOAD AUTOSAR_Implementation/RTE_Generation/Rte_SWC1_DoorLockIndecation.o
LOAD AUTOSAR_Implementation/RTE_Generation/Rte_SWC2_DoorLockIndecationAlgo.o
LOAD AUTOSAR_Implementation/SWC1_DoorLockIndecation.o
LOAD AUTOSAR_Implementation/SWC2_DoorLockIndecationAlgo.o
LOAD FreeRTOS/croutine.o
LOAD FreeRTOS/event_groups.o
LOAD FreeRTOS/list.o
LOAD FreeRTOS/queue.o
LOAD FreeRTOS/stream_buffer.o
LOAD FreeRTOS/tasks.o
LOAD FreeRTOS/timers.o
LOAD FreeRTOS/portable/GCC/ARM_CM3/port.o
LOAD FreeRTOS/portable/MemMang/heap_4.o
LOAD Src/main.o
LOAD Src/syscalls.o
LOAD Src/sysmem.o
LOAD Startup/startup_stm32f103c6tx.o
START GROUP
LOAD c:/st/stm32cubeide_1.4.0/stm32cubeide/plugins/com.st.stm32cube.ide.mcu.externaltools.gnu-tools-for-stm32.7-2018-q2-update.win32_1.4.0.202007081208/tools/bin/../lib/gcc/arm-none-eabi/7.3.1/../../../../arm-none-eabi/lib/thumb/v7-m\libc_nano.a
LOAD c:/st/stm32cubeide_1.4.0/stm32cubeide/plugins/com.st.stm32cube.ide.mcu.externaltools.gnu-tools-for-stm32.7-2018-q2-update.win32_1.4.0.202007081208/tools/bin/../lib/gcc/arm-none-eabi/7.3.1/../../../../arm-none-eabi/lib/thumb/v7-m\libm.a
END GROUP
START GROUP
LOAD c:/st/stm32cubeide_1.4.0/stm32cubeide/plugins/com.st.stm32cube.ide.mcu.externaltools.gnu-tools-for-stm32.7-2018-q2-update.win32_1.4.0.202007081208/tools/bin/../lib/gcc/arm-none-eabi/7.3.1/thumb/v7-m\libgcc.a
LOAD c:/st/stm32cubeide_1.4.0/stm32cubeide/plugins/com.st.stm32cube.ide.mcu.externaltools.gnu-tools-for-stm32.7-2018-q2-update.win32_1.4.0.202007081208/tools/bin/../lib/gcc/arm-none-eabi/7.3.1/../../../../arm-none-eabi/lib/thumb/v7-m\libc_nano.a
END GROUP
START GROUP
LOAD c:/st/stm32cubeide_1.4.0/stm32cubeide/plugins/com.st.stm32cube.ide.mcu.externaltools.gnu-tools-for-stm32.7-2018-q2-update.win32_1.4.0.202007081208/tools/bin/../lib/gcc/arm-none-eabi/7.3.1/thumb/v7-m\libgcc.a
LOAD c:/st/stm32cubeide_1.4.0/stm32cubeide/plugins/com.st.stm32cube.ide.mcu.externaltools.gnu-tools-for-stm32.7-2018-q2-update.win32_1.4.0.202007081208/tools/bin/../lib/gcc/arm-none-eabi/7.3.1/../../../../arm-none-eabi/lib/thumb/v7-m\libc_nano.a
LOAD c:/st/stm32cubeide_1.4.0/stm32cubeide/plugins/com.st.stm32cube.ide.mcu.externaltools.gnu-tools-for-stm32.7-2018-q2-update.win32_1.4.0.202007081208/tools/bin/../lib/gcc/arm-none-eabi/7.3.1/../../../../arm-none-eabi/lib/thumb/v7-m\libnosys.a
END GROUP
START GROUP
LOAD c:/st/stm32cubeide_1.4.0/stm32cubeide/plugins/com.st.stm32cube.ide.mcu.externaltools.gnu-tools-for-stm32.7-2018-q2-update.win32_1.4.0.202007081208/tools/bin/../lib/gcc/arm-none-eabi/7.3.1/thumb/v7-m\libgcc.a
LOAD c:/st/stm32cubeide_1.4.0/stm32cubeide/plugins/com.st.stm32cube.ide.mcu.externaltools.gnu-tools-for-stm32.7-2018-q2-update.win32_1.4.0.202007081208/tools/bin/../lib/gcc/arm-none-eabi/7.3.1/../../../../arm-none-eabi/lib/thumb/v7-m\libc_nano.a
LOAD c:/st/stm32cubeide_1.4.0/stm32cubeide/plugins/com.st.stm32cube.ide.mcu.externaltools.gnu-tools-for-stm32.7-2018-q2-update.win32_1.4.0.202007081208/tools/bin/../lib/gcc/arm-none-eabi/7.3.1/../../../../arm-none-eabi/lib/thumb/v7-m\libnosys.a
END GROUP
LOAD c:/st/stm32cubeide_1.4.0/stm32cubeide/plugins/com.st.stm32cube.ide.mcu.externaltools.gnu-tools-for-stm32.7-2018-q2-update.win32_1.4.0.202007081208/tools/bin/../lib/gcc/arm-none-eabi/7.3.1/thumb/v7-m/crtend.o
LOAD c:/st/stm32cubeide_1.4.0/stm32cubeide/plugins/com.st.stm32cube.ide.mcu.externaltools.gnu-tools-for-stm32.7-2018-q2-update.win32_1.4.0.202007081208/tools/bin/../lib/gcc/arm-none-eabi/7.3.1/thumb/v7-m/crtn.o
                0x0000000020002800                _estack = (ORIGIN (RAM) + LENGTH (RAM))
                0x0000000000000200                _Min_Heap_Size = 0x200
                0x0000000000000400                _Min_Stack_Size = 0x400

.isr_vector     0x0000000008000000      0x130
                0x0000000008000000                . = ALIGN (0x4)
 *(.isr_vector)
 .isr_vector    0x0000000008000000      0x130 Startup/startup_stm32f103c6tx.o
                0x0000000008000000                g_pfnVectors
                0x0000000008000130                . = ALIGN (0x4)

.text           0x0000000008000130     0x1678
                0x0000000008000130                . = ALIGN (0x4)
 *(.text)
 .text          0x0000000008000130       0x40 c:/st/stm32cubeide_1.4.0/stm32cubeide/plugins/com.st.stm32cube.ide.mcu.externaltools.gnu-tools-for-stm32.7-2018-q2-update.win32_1.4.0.202007081208/tools/bin/../lib/gcc/arm-none-eabi/7.3.1/thumb/v7-m/crtbegin.o
 *(.text*)
 .text.Dio_ReadChannel
                0x0000000008000170       0x2c AUTOSAR_Implementation/MCAL/DIO.o
                0x0000000008000170                Dio_ReadChannel
 .text.Dio_WriteChannel
                0x000000000800019c       0x2c AUTOSAR_Implementation/MCAL/DIO.o
                0x000000000800019c                Dio_WriteChannel
 .text.Get_CRLH_Postion
                0x00000000080001c8       0xc6 AUTOSAR_Implementation/MCAL/STM32_F103C6_GPIO_DRIVERS.o
                0x00000000080001c8                Get_CRLH_Postion
 .text.MCAL_GPIO_Init
                0x000000000800028e       0xf6 AUTOSAR_Implementation/MCAL/STM32_F103C6_GPIO_DRIVERS.o
                0x000000000800028e                MCAL_GPIO_Init
 .text.MCAL_GPIO_Read_Pin
                0x0000000008000384       0x32 AUTOSAR_Implementation/MCAL/STM32_F103C6_GPIO_DRIVERS.o
                0x0000000008000384                MCAL_GPIO_Read_Pin
 .text.MCAL_GPIO_WritePin
                0x00000000080003b6       0x3c AUTOSAR_Implementation/MCAL/STM32_F103C6_GPIO_DRIVERS.o
                0x00000000080003b6                MCAL_GPIO_WritePin
 *fill*         0x00000000080003f2        0x2 
 .text.Timer2_init
                0x00000000080003f4       0x50 AUTOSAR_Implementation/MCAL/Timer.o
                0x00000000080003f4                Timer2_init
 .text.Rte_IWrite_SWC1_DoorLockIndecation_Run_ReadDoorSensor_ProvPort_SendRec_DoorState_DoorState
                0x0000000008000444       0x20 AUTOSAR_Implementation/RTE_Generation/Rte_SWC1_DoorLockIndecation.o
                0x0000000008000444                Rte_IWrite_SWC1_DoorLockIndecation_Run_ReadDoorSensor_ProvPort_SendRec_DoorState_DoorState
 .text.Rte_IRead_SWC2_DoorLockIndecationAlgo_Run_DoorLockAlgo_ReqPort_SendRec_DoorState_DoorState
                0x0000000008000464       0x18 AUTOSAR_Implementation/RTE_Generation/Rte_SWC2_DoorLockIndecationAlgo.o
                0x0000000008000464                Rte_IRead_SWC2_DoorLockIndecationAlgo_Run_DoorLockAlgo_ReqPort_SendRec_DoorState_DoorState
 .text.Rte_Call_SWC2_DoorLockIndecationAlgo_ReqPort_ClServInterface_Led_Led
                0x000000000800047c       0x40 AUTOSAR_Implementation/RTE_Generation/Rte_SWC2_DoorLockIndecationAlgo.o
                0x000000000800047c                Rte_Call_SWC2_DoorLockIndecationAlgo_ReqPort_ClServInterface_Led_Led
 .text.Run_ReadDoorSensor
                0x00000000080004bc       0x24 AUTOSAR_Implementation/SWC1_DoorLockIndecation.o
                0x00000000080004bc                Run_ReadDoorSensor
 .text.Run_Led  0x00000000080004e0       0x38 AUTOSAR_Implementation/SWC1_DoorLockIndecation.o
                0x00000000080004e0                Run_Led
 .text.Run_DoorLockAlgo
                0x0000000008000518       0x2e AUTOSAR_Implementation/SWC2_DoorLockIndecationAlgo.o
                0x0000000008000518                Run_DoorLockAlgo
 .text.vListInitialise
                0x0000000008000546       0x3e FreeRTOS/list.o
                0x0000000008000546                vListInitialise
 .text.vListInitialiseItem
                0x0000000008000584       0x18 FreeRTOS/list.o
                0x0000000008000584                vListInitialiseItem
 .text.vListInsert
                0x000000000800059c       0x70 FreeRTOS/list.o
                0x000000000800059c                vListInsert
 .text.uxListRemove
                0x000000000800060c       0x52 FreeRTOS/list.o
                0x000000000800060c                uxListRemove
 .text.xTaskCreate
                0x000000000800065e       0x82 FreeRTOS/tasks.o
                0x000000000800065e                xTaskCreate
 .text.prvInitialiseNewTask
                0x00000000080006e0       0xf0 FreeRTOS/tasks.o
 .text.prvAddNewTaskToReadyList
                0x00000000080007d0      0x124 FreeRTOS/tasks.o
 .text.vTaskDelay
                0x00000000080008f4       0x48 FreeRTOS/tasks.o
                0x00000000080008f4                vTaskDelay
 .text.vTaskStartScheduler
                0x000000000800093c       0x74 FreeRTOS/tasks.o
                0x000000000800093c                vTaskStartScheduler
 .text.vTaskSuspendAll
                0x00000000080009b0       0x1c FreeRTOS/tasks.o
                0x00000000080009b0                vTaskSuspendAll
 .text.xTaskResumeAll
                0x00000000080009cc      0x1d8 FreeRTOS/tasks.o
                0x00000000080009cc                xTaskResumeAll
 .text.xTaskIncrementTick
                0x0000000008000ba4      0x20c FreeRTOS/tasks.o
                0x0000000008000ba4                xTaskIncrementTick
 .text.vTaskSwitchContext
                0x0000000008000db0       0x8c FreeRTOS/tasks.o
                0x0000000008000db0                vTaskSwitchContext
 .text.prvIdleTask
                0x0000000008000e3c       0x30 FreeRTOS/tasks.o
 .text.prvInitialiseTaskLists
                0x0000000008000e6c       0x80 FreeRTOS/tasks.o
 .text.prvCheckTasksWaitingTermination
                0x0000000008000eec       0x58 FreeRTOS/tasks.o
 .text.prvDeleteTCB
                0x0000000008000f44       0x20 FreeRTOS/tasks.o
 .text.prvResetNextTaskUnblockTime
                0x0000000008000f64       0x34 FreeRTOS/tasks.o
 .text.prvAddCurrentTaskToDelayedList
                0x0000000008000f98      0x100 FreeRTOS/tasks.o
 .text.pxPortInitialiseStack
                0x0000000008001098       0x58 FreeRTOS/portable/GCC/ARM_CM3/port.o
                0x0000000008001098                pxPortInitialiseStack
 .text.prvTaskExitError
                0x00000000080010f0       0x2e FreeRTOS/portable/GCC/ARM_CM3/port.o
 *fill*         0x000000000800111e        0x2 
 .text.SVC_Handler
                0x0000000008001120       0x28 FreeRTOS/portable/GCC/ARM_CM3/port.o
                0x0000000008001120                SVC_Handler
 .text.prvPortStartFirstTask
                0x0000000008001148       0x24 FreeRTOS/portable/GCC/ARM_CM3/port.o
 .text.xPortStartScheduler
                0x000000000800116c       0x40 FreeRTOS/portable/GCC/ARM_CM3/port.o
                0x000000000800116c                xPortStartScheduler
 .text.vPortEnterCritical
                0x00000000080011ac       0x30 FreeRTOS/portable/GCC/ARM_CM3/port.o
                0x00000000080011ac                vPortEnterCritical
 .text.vPortExitCritical
                0x00000000080011dc       0x30 FreeRTOS/portable/GCC/ARM_CM3/port.o
                0x00000000080011dc                vPortExitCritical
 *fill*         0x000000000800120c        0x4 
 .text.PendSV_Handler
                0x0000000008001210       0x48 FreeRTOS/portable/GCC/ARM_CM3/port.o
                0x0000000008001210                PendSV_Handler
 .text.SysTick_Handler
                0x0000000008001258       0x40 FreeRTOS/portable/GCC/ARM_CM3/port.o
                0x0000000008001258                SysTick_Handler
 .text.vPortSetupTimerInterrupt
                0x0000000008001298       0x34 FreeRTOS/portable/GCC/ARM_CM3/port.o
                0x0000000008001298                vPortSetupTimerInterrupt
 .text.pvPortMalloc
                0x00000000080012cc      0x15c FreeRTOS/portable/MemMang/heap_4.o
                0x00000000080012cc                pvPortMalloc
 .text.vPortFree
                0x0000000008001428       0x80 FreeRTOS/portable/MemMang/heap_4.o
                0x0000000008001428                vPortFree
 .text.prvHeapInit
                0x00000000080014a8       0xc4 FreeRTOS/portable/MemMang/heap_4.o
 .text.prvInsertBlockIntoFreeList
                0x000000000800156c       0xb0 FreeRTOS/portable/MemMang/heap_4.o
 .text.MCU_HW_Init
                0x000000000800161c       0x4c Src/main.o
                0x000000000800161c                MCU_HW_Init
 .text.main     0x0000000008001668       0x54 Src/main.o
                0x0000000008001668                main
 .text.Task_Run_ReadDoorSensor
                0x00000000080016bc       0x14 Src/main.o
                0x00000000080016bc                Task_Run_ReadDoorSensor
 .text.Task_Run_DoorLockAlgo
                0x00000000080016d0       0x14 Src/main.o
                0x00000000080016d0                Task_Run_DoorLockAlgo
 .text.Reset_Handler
                0x00000000080016e4       0x50 Startup/startup_stm32f103c6tx.o
                0x00000000080016e4                Reset_Handler
 .text.Default_Handler
                0x0000000008001734        0x2 Startup/startup_stm32f103c6tx.o
                0x0000000008001734                EXTI2_IRQHandler
                0x0000000008001734                TIM8_TRG_COM_IRQHandler
                0x0000000008001734                TIM8_CC_IRQHandler
                0x0000000008001734                DebugMon_Handler
                0x0000000008001734                TIM1_CC_IRQHandler
                0x0000000008001734                HardFault_Handler
                0x0000000008001734                TIM6_IRQHandler
                0x0000000008001734                PVD_IRQHandler
                0x0000000008001734                SDIO_IRQHandler
                0x0000000008001734                NMI_Handler
                0x0000000008001734                EXTI3_IRQHandler
                0x0000000008001734                USB_HP_CAN_TX_IRQHandler
                0x0000000008001734                EXTI0_IRQHandler
                0x0000000008001734                I2C2_EV_IRQHandler
                0x0000000008001734                UsageFault_Handler
                0x0000000008001734                ADC1_2_IRQHandler
                0x0000000008001734                SPI1_IRQHandler
                0x0000000008001734                CAN_SCE_IRQHandler
                0x0000000008001734                TAMPER_IRQHandler
                0x0000000008001734                TIM8_UP_IRQHandler
                0x0000000008001734                DMA2_Channel2_IRQHandler
                0x0000000008001734                DMA1_Channel4_IRQHandler
                0x0000000008001734                USART3_IRQHandler
                0x0000000008001734                RTC_IRQHandler
                0x0000000008001734                DMA1_Channel7_IRQHandler
                0x0000000008001734                UART5_IRQHandler
                0x0000000008001734                ADC3_IRQHandler
                0x0000000008001734                TIM4_IRQHandler
                0x0000000008001734                CAN_RX1_IRQHandler
                0x0000000008001734                DMA2_Channel1_IRQHandler
                0x0000000008001734                I2C1_EV_IRQHandler
                0x0000000008001734                DMA1_Channel6_IRQHandler
                0x0000000008001734                UART4_IRQHandler
                0x0000000008001734                TIM3_IRQHandler
                0x0000000008001734                RCC_IRQHandler
                0x0000000008001734                TIM1_TRG_COM_IRQHandler
                0x0000000008001734                DMA1_Channel1_IRQHandler
                0x0000000008001734                Default_Handler
                0x0000000008001734                EXTI15_10_IRQHandler
                0x0000000008001734                TIM7_IRQHandler
                0x0000000008001734                TIM5_IRQHandler
                0x0000000008001734                EXTI9_5_IRQHandler
                0x0000000008001734                SPI2_IRQHandler
                0x0000000008001734                USB_LP_CAN_RX0_IRQHandler
                0x0000000008001734                MemManage_Handler
                0x0000000008001734                DMA1_Channel5_IRQHandler
                0x0000000008001734                EXTI4_IRQHandler
                0x0000000008001734                DMA1_Channel3_IRQHandler
                0x0000000008001734                FSMC_IRQHandler
                0x0000000008001734                TIM1_UP_IRQHandler
                0x0000000008001734                WWDG_IRQHandler
                0x0000000008001734                TIM2_IRQHandler
                0x0000000008001734                TIM1_BRK_IRQHandler
                0x0000000008001734                EXTI1_IRQHandler
                0x0000000008001734                RTCAlarm_IRQHandler
                0x0000000008001734                DMA2_Channel4_5_IRQHandler
                0x0000000008001734                USART2_IRQHandler
                0x0000000008001734                I2C2_ER_IRQHandler
                0x0000000008001734                DMA1_Channel2_IRQHandler
                0x0000000008001734                TIM8_BRK_IRQHandler
                0x0000000008001734                FLASH_IRQHandler
                0x0000000008001734                BusFault_Handler
                0x0000000008001734                USART1_IRQHandler
                0x0000000008001734                SPI3_IRQHandler
                0x0000000008001734                I2C1_ER_IRQHandler
                0x0000000008001734                DMA2_Channel3_IRQHandler
 *fill*         0x0000000008001736        0x2 
 .text.__libc_init_array
                0x0000000008001738       0x48 c:/st/stm32cubeide_1.4.0/stm32cubeide/plugins/com.st.stm32cube.ide.mcu.externaltools.gnu-tools-for-stm32.7-2018-q2-update.win32_1.4.0.202007081208/tools/bin/../lib/gcc/arm-none-eabi/7.3.1/../../../../arm-none-eabi/lib/thumb/v7-m\libc_nano.a(lib_a-init.o)
                0x0000000008001738                __libc_init_array
 .text.memset   0x0000000008001780       0x10 c:/st/stm32cubeide_1.4.0/stm32cubeide/plugins/com.st.stm32cube.ide.mcu.externaltools.gnu-tools-for-stm32.7-2018-q2-update.win32_1.4.0.202007081208/tools/bin/../lib/gcc/arm-none-eabi/7.3.1/../../../../arm-none-eabi/lib/thumb/v7-m\libc_nano.a(lib_a-memset.o)
                0x0000000008001780                memset
 *(.glue_7)
 .glue_7        0x0000000008001790        0x0 linker stubs
 *(.glue_7t)
 .glue_7t       0x0000000008001790        0x0 linker stubs
 *(.eh_frame)
 .eh_frame      0x0000000008001790        0x0 c:/st/stm32cubeide_1.4.0/stm32cubeide/plugins/com.st.stm32cube.ide.mcu.externaltools.gnu-tools-for-stm32.7-2018-q2-update.win32_1.4.0.202007081208/tools/bin/../lib/gcc/arm-none-eabi/7.3.1/thumb/v7-m/crtbegin.o
 *(.init)
 .init          0x0000000008001790        0x4 c:/st/stm32cubeide_1.4.0/stm32cubeide/plugins/com.st.stm32cube.ide.mcu.externaltools.gnu-tools-for-stm32.7-2018-q2-update.win32_1.4.0.202007081208/tools/bin/../lib/gcc/arm-none-eabi/7.3.1/thumb/v7-m/crti.o
                0x0000000008001790                _init
 .init          0x0000000008001794        0x8 c:/st/stm32cubeide_1.4.0/stm32cubeide/plugins/com.st.stm32cube.ide.mcu.externaltools.gnu-tools-for-stm32.7-2018-q2-update.win32_1.4.0.202007081208/tools/bin/../lib/gcc/arm-none-eabi/7.3.1/thumb/v7-m/crtn.o
 *(.fini)
 .fini          0x000000000800179c        0x4 c:/st/stm32cubeide_1.4.0/stm32cubeide/plugins/com.st.stm32cube.ide.mcu.externaltools.gnu-tools-for-stm32.7-2018-q2-update.win32_1.4.0.202007081208/tools/bin/../lib/gcc/arm-none-eabi/7.3.1/thumb/v7-m/crti.o
                0x000000000800179c                _fini
 .fini          0x00000000080017a0        0x8 c:/st/stm32cubeide_1.4.0/stm32cubeide/plugins/com.st.stm32cube.ide.mcu.externaltools.gnu-tools-for-stm32.7-2018-q2-update.win32_1.4.0.202007081208/tools/bin/../lib/gcc/arm-none-eabi/7.3.1/thumb/v7-m/crtn.o
                0x00000000080017a8                . = ALIGN (0x4)
                0x00000000080017a8                _etext = .

.vfp11_veneer   0x00000000080017a8        0x0
 .vfp11_veneer  0x00000000080017a8        0x0 linker stubs

.v4_bx          0x00000000080017a8        0x0
 .v4_bx         0x00000000080017a8        0x0 linker stubs

.iplt           0x00000000080017a8        0x0
 .iplt          0x00000000080017a8        0x0 c:/st/stm32cubeide_1.4.0/stm32cubeide/plugins/com.st.stm32cube.ide.mcu.externaltools.gnu-tools-for-stm32.7-2018-q2-update.win32_1.4.0.202007081208/tools/bin/../lib/gcc/arm-none-eabi/7.3.1/thumb/v7-m/crtbegin.o

.rodata         0x00000000080017a8       0x40
                0x00000000080017a8                . = ALIGN (0x4)
 *(.rodata)
 .rodata        0x00000000080017a8        0x5 FreeRTOS/tasks.o
 *fill*         0x00000000080017ad        0x3 
 .rodata        0x00000000080017b0       0x2e Src/main.o
 *(.rodata*)
 *fill*         0x00000000080017de        0x2 
 .rodata.Rte_Instance_SWC1_DoorLockIndecation
                0x00000000080017e0        0x4 AUTOSAR_Implementation/RTE_Generation/Rte_SWC1_DoorLockIndecation.o
                0x00000000080017e0                Rte_Instance_SWC1_DoorLockIndecation
 .rodata.Rte_Instance_SWC2_DoorLockIndecationAlgo
                0x00000000080017e4        0x4 AUTOSAR_Implementation/RTE_Generation/Rte_SWC2_DoorLockIndecationAlgo.o
                0x00000000080017e4                Rte_Instance_SWC2_DoorLockIndecationAlgo
                0x00000000080017e8                . = ALIGN (0x4)

.rel.dyn        0x00000000080017e8        0x0
 .rel.iplt      0x00000000080017e8        0x0 c:/st/stm32cubeide_1.4.0/stm32cubeide/plugins/com.st.stm32cube.ide.mcu.externaltools.gnu-tools-for-stm32.7-2018-q2-update.win32_1.4.0.202007081208/tools/bin/../lib/gcc/arm-none-eabi/7.3.1/thumb/v7-m/crtbegin.o

.ARM.extab      0x00000000080017e8        0x0
                0x00000000080017e8                . = ALIGN (0x4)
 *(.ARM.extab* .gnu.linkonce.armextab.*)
                0x00000000080017e8                . = ALIGN (0x4)

.ARM            0x00000000080017e8        0x0
                0x00000000080017e8                . = ALIGN (0x4)
                0x00000000080017e8                __exidx_start = .
 *(.ARM.exidx*)
                0x00000000080017e8                __exidx_end = .
                0x00000000080017e8                . = ALIGN (0x4)

.preinit_array  0x00000000080017e8        0x0
                0x00000000080017e8                . = ALIGN (0x4)
                0x00000000080017e8                PROVIDE (__preinit_array_start = .)
 *(.preinit_array*)
                0x00000000080017e8                PROVIDE (__preinit_array_end = .)
                0x00000000080017e8                . = ALIGN (0x4)

.init_array     0x00000000080017e8        0x4
                0x00000000080017e8                . = ALIGN (0x4)
                0x00000000080017e8                PROVIDE (__init_array_start = .)
 *(SORT_BY_NAME(.init_array.*))
 *(.init_array*)
 .init_array    0x00000000080017e8        0x4 c:/st/stm32cubeide_1.4.0/stm32cubeide/plugins/com.st.stm32cube.ide.mcu.externaltools.gnu-tools-for-stm32.7-2018-q2-update.win32_1.4.0.202007081208/tools/bin/../lib/gcc/arm-none-eabi/7.3.1/thumb/v7-m/crtbegin.o
                0x00000000080017ec                PROVIDE (__init_array_end = .)
                0x00000000080017ec                . = ALIGN (0x4)

.fini_array     0x00000000080017ec        0x4
                0x00000000080017ec                . = ALIGN (0x4)
                [!provide]                        PROVIDE (__fini_array_start = .)
 *(SORT_BY_NAME(.fini_array.*))
 *(.fini_array*)
 .fini_array    0x00000000080017ec        0x4 c:/st/stm32cubeide_1.4.0/stm32cubeide/plugins/com.st.stm32cube.ide.mcu.externaltools.gnu-tools-for-stm32.7-2018-q2-update.win32_1.4.0.202007081208/tools/bin/../lib/gcc/arm-none-eabi/7.3.1/thumb/v7-m/crtbegin.o
                [!provide]                        PROVIDE (__fini_array_end = .)
                0x00000000080017f0                . = ALIGN (0x4)
                0x00000000080017f0                _sidata = LOADADDR (.data)

.data           0x0000000020000000        0x8 load address 0x00000000080017f0
                0x0000000020000000                . = ALIGN (0x4)
                0x0000000020000000                _sdata = .
 *(.data)
 *(.data*)
 .data.uxTopUsedPriority
                0x0000000020000000        0x4 FreeRTOS/tasks.o
                0x0000000020000000                uxTopUsedPriority
 .data.uxCriticalNesting
                0x0000000020000004        0x4 FreeRTOS/portable/GCC/ARM_CM3/port.o
                0x0000000020000008                . = ALIGN (0x4)
                0x0000000020000008                _edata = .

.igot.plt       0x0000000020000008        0x0 load address 0x00000000080017f8
 .igot.plt      0x0000000020000008        0x0 c:/st/stm32cubeide_1.4.0/stm32cubeide/plugins/com.st.stm32cube.ide.mcu.externaltools.gnu-tools-for-stm32.7-2018-q2-update.win32_1.4.0.202007081208/tools/bin/../lib/gcc/arm-none-eabi/7.3.1/thumb/v7-m/crtbegin.o
                0x0000000020000008                . = ALIGN (0x4)

.bss            0x0000000020000008     0x1158 load address 0x00000000080017f8
                0x0000000020000008                _sbss = .
                0x0000000020000008                __bss_start__ = _sbss
 *(.bss)
 .bss           0x0000000020000008       0x1c c:/st/stm32cubeide_1.4.0/stm32cubeide/plugins/com.st.stm32cube.ide.mcu.externaltools.gnu-tools-for-stm32.7-2018-q2-update.win32_1.4.0.202007081208/tools/bin/../lib/gcc/arm-none-eabi/7.3.1/thumb/v7-m/crtbegin.o
 *(.bss*)
 .bss.SWC2_DoorLockIndecationAlgo_ReqPort_ClServInterface_Led_Led_Buffer_retcode
                0x0000000020000024        0x1 AUTOSAR_Implementation/RTE_Generation/Rte_SWC2_DoorLockIndecationAlgo.o
                0x0000000020000024                SWC2_DoorLockIndecationAlgo_ReqPort_ClServInterface_Led_Led_Buffer_retcode
 *fill*         0x0000000020000025        0x3 
 .bss.Rte_Call_SWC2_DoorLockIndecationAlgo_ReqPort_ClServInterface_Led_Led_Delegate
                0x0000000020000028        0x4 AUTOSAR_Implementation/RTE_Generation/Rte_SWC2_DoorLockIndecationAlgo.o
                0x0000000020000028                Rte_Call_SWC2_DoorLockIndecationAlgo_ReqPort_ClServInterface_Led_Led_Delegate
 .bss.pxCurrentTCB
                0x000000002000002c        0x4 FreeRTOS/tasks.o
                0x000000002000002c                pxCurrentTCB
 .bss.pxReadyTasksLists
                0x0000000020000030       0x64 FreeRTOS/tasks.o
 .bss.xDelayedTaskList1
                0x0000000020000094       0x14 FreeRTOS/tasks.o
 .bss.xDelayedTaskList2
                0x00000000200000a8       0x14 FreeRTOS/tasks.o
 .bss.pxDelayedTaskList
                0x00000000200000bc        0x4 FreeRTOS/tasks.o
 .bss.pxOverflowDelayedTaskList
                0x00000000200000c0        0x4 FreeRTOS/tasks.o
 .bss.xPendingReadyList
                0x00000000200000c4       0x14 FreeRTOS/tasks.o
 .bss.xTasksWaitingTermination
                0x00000000200000d8       0x14 FreeRTOS/tasks.o
 .bss.uxDeletedTasksWaitingCleanUp
                0x00000000200000ec        0x4 FreeRTOS/tasks.o
 .bss.xSuspendedTaskList
                0x00000000200000f0       0x14 FreeRTOS/tasks.o
 .bss.uxCurrentNumberOfTasks
                0x0000000020000104        0x4 FreeRTOS/tasks.o
 .bss.xTickCount
                0x0000000020000108        0x4 FreeRTOS/tasks.o
 .bss.uxTopReadyPriority
                0x000000002000010c        0x4 FreeRTOS/tasks.o
 .bss.xSchedulerRunning
                0x0000000020000110        0x4 FreeRTOS/tasks.o
 .bss.xPendedTicks
                0x0000000020000114        0x4 FreeRTOS/tasks.o
 .bss.xYieldPending
                0x0000000020000118        0x4 FreeRTOS/tasks.o
 .bss.xNumOfOverflows
                0x000000002000011c        0x4 FreeRTOS/tasks.o
 .bss.uxTaskNumber
                0x0000000020000120        0x4 FreeRTOS/tasks.o
 .bss.xNextTaskUnblockTime
                0x0000000020000124        0x4 FreeRTOS/tasks.o
 .bss.xIdleTaskHandle
                0x0000000020000128        0x4 FreeRTOS/tasks.o
 .bss.uxSchedulerSuspended
                0x000000002000012c        0x4 FreeRTOS/tasks.o
 .bss.ucHeap    0x0000000020000130     0x1000 FreeRTOS/portable/MemMang/heap_4.o
 .bss.xStart    0x0000000020001130        0x8 FreeRTOS/portable/MemMang/heap_4.o
 .bss.pxEnd     0x0000000020001138        0x4 FreeRTOS/portable/MemMang/heap_4.o
 .bss.xFreeBytesRemaining
                0x000000002000113c        0x4 FreeRTOS/portable/MemMang/heap_4.o
 .bss.xMinimumEverFreeBytesRemaining
                0x0000000020001140        0x4 FreeRTOS/portable/MemMang/heap_4.o
 .bss.xNumberOfSuccessfulAllocations
                0x0000000020001144        0x4 FreeRTOS/portable/MemMang/heap_4.o
 .bss.xNumberOfSuccessfulFrees
                0x0000000020001148        0x4 FreeRTOS/portable/MemMang/heap_4.o
 .bss.xBlockAllocatedBit
                0x000000002000114c        0x4 FreeRTOS/portable/MemMang/heap_4.o
 .bss.xTask_Run_ReadDoorSensor_Handle
                0x0000000020001150        0x4 Src/main.o
                0x0000000020001150                xTask_Run_ReadDoorSensor_Handle
 .bss.xTask_Run_DoorLockAlgo_Handle
                0x0000000020001154        0x4 Src/main.o
                0x0000000020001154                xTask_Run_DoorLockAlgo_Handle
 *(COMMON)
 COMMON         0x0000000020001158        0x5 AUTOSAR_Implementation/RTE_Generation/Rte_SWC2_DoorLockIndecationAlgo.o
                0x0000000020001158                Run_ReadDoorSensor_ProvPort_SendRec_DoorState_DoorState
                0x000000002000115c                Run_DoorLockAlgo_ReqPort_SendRec_DoorState_DoorState
                0x0000000020001160                . = ALIGN (0x4)
 *fill*         0x000000002000115d        0x3 
                0x0000000020001160                _ebss = .
                0x0000000020001160                __bss_end__ = _ebss

._user_heap_stack
                0x0000000020001160      0x600 load address 0x00000000080017f8
                0x0000000020001160                . = ALIGN (0x8)
                [!provide]                        PROVIDE (end = .)
                0x0000000020001160                PROVIDE (_end = .)
                0x0000000020001360                . = (. + _Min_Heap_Size)
 *fill*         0x0000000020001160      0x200 
                0x0000000020001760                . = (. + _Min_Stack_Size)
 *fill*         0x0000000020001360      0x400 
                0x0000000020001760                . = ALIGN (0x8)

/DISCARD/
 libc.a(*)
 libm.a(*)
 libgcc.a(*)

.ARM.attributes
                0x0000000000000000       0x29
 *(.ARM.attributes)
 .ARM.attributes
                0x0000000000000000       0x1d c:/st/stm32cubeide_1.4.0/stm32cubeide/plugins/com.st.stm32cube.ide.mcu.externaltools.gnu-tools-for-stm32.7-2018-q2-update.win32_1.4.0.202007081208/tools/bin/../lib/gcc/arm-none-eabi/7.3.1/thumb/v7-m/crti.o
 .ARM.attributes
                0x000000000000001d       0x2d c:/st/stm32cubeide_1.4.0/stm32cubeide/plugins/com.st.stm32cube.ide.mcu.externaltools.gnu-tools-for-stm32.7-2018-q2-update.win32_1.4.0.202007081208/tools/bin/../lib/gcc/arm-none-eabi/7.3.1/thumb/v7-m/crtbegin.o
 .ARM.attributes
                0x000000000000004a       0x33 AUTOSAR_Implementation/MCAL/DIO.o
 .ARM.attributes
                0x000000000000007d       0x33 AUTOSAR_Implementation/MCAL/STM32_F103C6_GPIO_DRIVERS.o
 .ARM.attributes
                0x00000000000000b0       0x33 AUTOSAR_Implementation/MCAL/Timer.o
 .ARM.attributes
                0x00000000000000e3       0x33 AUTOSAR_Implementation/RTE_Generation/Rte_SWC1_DoorLockIndecation.o
 .ARM.attributes
                0x0000000000000116       0x33 AUTOSAR_Implementation/RTE_Generation/Rte_SWC2_DoorLockIndecationAlgo.o
 .ARM.attributes
                0x0000000000000149       0x33 AUTOSAR_Implementation/SWC1_DoorLockIndecation.o
 .ARM.attributes
                0x000000000000017c       0x33 AUTOSAR_Implementation/SWC2_DoorLockIndecationAlgo.o
 .ARM.attributes
                0x00000000000001af       0x33 FreeRTOS/list.o
 .ARM.attributes
                0x00000000000001e2       0x33 FreeRTOS/tasks.o
 .ARM.attributes
                0x0000000000000215       0x33 FreeRTOS/portable/GCC/ARM_CM3/port.o
 .ARM.attributes
                0x0000000000000248       0x33 FreeRTOS/portable/MemMang/heap_4.o
 .ARM.attributes
                0x000000000000027b       0x33 Src/main.o
 .ARM.attributes
                0x00000000000002ae       0x21 Startup/startup_stm32f103c6tx.o
 .ARM.attributes
                0x00000000000002cf       0x2d c:/st/stm32cubeide_1.4.0/stm32cubeide/plugins/com.st.stm32cube.ide.mcu.externaltools.gnu-tools-for-stm32.7-2018-q2-update.win32_1.4.0.202007081208/tools/bin/../lib/gcc/arm-none-eabi/7.3.1/../../../../arm-none-eabi/lib/thumb/v7-m\libc_nano.a(lib_a-init.o)
 .ARM.attributes
                0x00000000000002fc       0x2d c:/st/stm32cubeide_1.4.0/stm32cubeide/plugins/com.st.stm32cube.ide.mcu.externaltools.gnu-tools-for-stm32.7-2018-q2-update.win32_1.4.0.202007081208/tools/bin/../lib/gcc/arm-none-eabi/7.3.1/../../../../arm-none-eabi/lib/thumb/v7-m\libc_nano.a(lib_a-memset.o)
 .ARM.attributes
                0x0000000000000329       0x1d c:/st/stm32cubeide_1.4.0/stm32cubeide/plugins/com.st.stm32cube.ide.mcu.externaltools.gnu-tools-for-stm32.7-2018-q2-update.win32_1.4.0.202007081208/tools/bin/../lib/gcc/arm-none-eabi/7.3.1/thumb/v7-m/crtn.o
OUTPUT(Autosar_DoorLockIndecation.axf elf32-littlearm)

.debug_info     0x0000000000000000     0x8ce2
 .debug_info    0x0000000000000000      0x9b6 AUTOSAR_Implementation/MCAL/DIO.o
 .debug_info    0x00000000000009b6      0xc6b AUTOSAR_Implementation/MCAL/STM32_F103C6_GPIO_DRIVERS.o
 .debug_info    0x0000000000001621      0xaa6 AUTOSAR_Implementation/MCAL/Timer.o
 .debug_info    0x00000000000020c7      0x972 AUTOSAR_Implementation/RTE_Generation/Rte_SWC1_DoorLockIndecation.o
 .debug_info    0x0000000000002a39      0xa14 AUTOSAR_Implementation/RTE_Generation/Rte_SWC2_DoorLockIndecationAlgo.o
 .debug_info    0x000000000000344d      0x99b AUTOSAR_Implementation/SWC1_DoorLockIndecation.o
 .debug_info    0x0000000000003de8      0x95e AUTOSAR_Implementation/SWC2_DoorLockIndecationAlgo.o
 .debug_info    0x0000000000004746      0xac0 FreeRTOS/list.o
 .debug_info    0x0000000000005206     0x201c FreeRTOS/tasks.o
 .debug_info    0x0000000000007222      0x2df FreeRTOS/portable/GCC/ARM_CM3/port.o
 .debug_info    0x0000000000007501      0xc0f FreeRTOS/portable/MemMang/heap_4.o
 .debug_info    0x0000000000008110      0xbb0 Src/main.o
 .debug_info    0x0000000000008cc0       0x22 Startup/startup_stm32f103c6tx.o

.debug_abbrev   0x0000000000000000     0x1888
 .debug_abbrev  0x0000000000000000      0x1cf AUTOSAR_Implementation/MCAL/DIO.o
 .debug_abbrev  0x00000000000001cf      0x230 AUTOSAR_Implementation/MCAL/STM32_F103C6_GPIO_DRIVERS.o
 .debug_abbrev  0x00000000000003ff      0x230 AUTOSAR_Implementation/MCAL/Timer.o
 .debug_abbrev  0x000000000000062f      0x1bb AUTOSAR_Implementation/RTE_Generation/Rte_SWC1_DoorLockIndecation.o
 .debug_abbrev  0x00000000000007ea      0x1e4 AUTOSAR_Implementation/RTE_Generation/Rte_SWC2_DoorLockIndecationAlgo.o
 .debug_abbrev  0x00000000000009ce      0x1de AUTOSAR_Implementation/SWC1_DoorLockIndecation.o
 .debug_abbrev  0x0000000000000bac      0x19d AUTOSAR_Implementation/SWC2_DoorLockIndecationAlgo.o
 .debug_abbrev  0x0000000000000d49      0x1cf FreeRTOS/list.o
 .debug_abbrev  0x0000000000000f18      0x336 FreeRTOS/tasks.o
 .debug_abbrev  0x000000000000124e      0x1cb FreeRTOS/portable/GCC/ARM_CM3/port.o
 .debug_abbrev  0x0000000000001419      0x23d FreeRTOS/portable/MemMang/heap_4.o
 .debug_abbrev  0x0000000000001656      0x220 Src/main.o
 .debug_abbrev  0x0000000000001876       0x12 Startup/startup_stm32f103c6tx.o

.debug_aranges  0x0000000000000000      0x470
 .debug_aranges
                0x0000000000000000       0x28 AUTOSAR_Implementation/MCAL/DIO.o
 .debug_aranges
                0x0000000000000028       0x68 AUTOSAR_Implementation/MCAL/STM32_F103C6_GPIO_DRIVERS.o
 .debug_aranges
                0x0000000000000090       0x50 AUTOSAR_Implementation/MCAL/Timer.o
 .debug_aranges
                0x00000000000000e0       0x28 AUTOSAR_Implementation/RTE_Generation/Rte_SWC1_DoorLockIndecation.o
 .debug_aranges
                0x0000000000000108       0x28 AUTOSAR_Implementation/RTE_Generation/Rte_SWC2_DoorLockIndecationAlgo.o
 .debug_aranges
                0x0000000000000130       0x28 AUTOSAR_Implementation/SWC1_DoorLockIndecation.o
 .debug_aranges
                0x0000000000000158       0x20 AUTOSAR_Implementation/SWC2_DoorLockIndecationAlgo.o
 .debug_aranges
                0x0000000000000178       0x40 FreeRTOS/list.o
 .debug_aranges
                0x00000000000001b8      0x188 FreeRTOS/tasks.o
 .debug_aranges
                0x0000000000000340       0x70 FreeRTOS/portable/GCC/ARM_CM3/port.o
 .debug_aranges
                0x00000000000003b0       0x58 FreeRTOS/portable/MemMang/heap_4.o
 .debug_aranges
                0x0000000000000408       0x40 Src/main.o
 .debug_aranges
                0x0000000000000448       0x28 Startup/startup_stm32f103c6tx.o

.debug_ranges   0x0000000000000000      0x3a8
 .debug_ranges  0x0000000000000000       0x18 AUTOSAR_Implementation/MCAL/DIO.o
 .debug_ranges  0x0000000000000018       0x58 AUTOSAR_Implementation/MCAL/STM32_F103C6_GPIO_DRIVERS.o
 .debug_ranges  0x0000000000000070       0x40 AUTOSAR_Implementation/MCAL/Timer.o
 .debug_ranges  0x00000000000000b0       0x18 AUTOSAR_Implementation/RTE_Generation/Rte_SWC1_DoorLockIndecation.o
 .debug_ranges  0x00000000000000c8       0x18 AUTOSAR_Implementation/RTE_Generation/Rte_SWC2_DoorLockIndecationAlgo.o
 .debug_ranges  0x00000000000000e0       0x18 AUTOSAR_Implementation/SWC1_DoorLockIndecation.o
 .debug_ranges  0x00000000000000f8       0x10 AUTOSAR_Implementation/SWC2_DoorLockIndecationAlgo.o
 .debug_ranges  0x0000000000000108       0x30 FreeRTOS/list.o
 .debug_ranges  0x0000000000000138      0x178 FreeRTOS/tasks.o
 .debug_ranges  0x00000000000002b0       0x60 FreeRTOS/portable/GCC/ARM_CM3/port.o
 .debug_ranges  0x0000000000000310       0x48 FreeRTOS/portable/MemMang/heap_4.o
 .debug_ranges  0x0000000000000358       0x30 Src/main.o
 .debug_ranges  0x0000000000000388       0x20 Startup/startup_stm32f103c6tx.o

.debug_macro    0x0000000000000000     0x396c
 .debug_macro   0x0000000000000000      0x148 AUTOSAR_Implementation/MCAL/DIO.o
 .debug_macro   0x0000000000000148      0xa60 AUTOSAR_Implementation/MCAL/DIO.o
 .debug_macro   0x0000000000000ba8       0x18 AUTOSAR_Implementation/MCAL/DIO.o
 .debug_macro   0x0000000000000bc0       0x22 AUTOSAR_Implementation/MCAL/DIO.o
 .debug_macro   0x0000000000000be2       0x40 AUTOSAR_Implementation/MCAL/DIO.o
 .debug_macro   0x0000000000000c22       0x94 AUTOSAR_Implementation/MCAL/DIO.o
 .debug_macro   0x0000000000000cb6       0x3c AUTOSAR_Implementation/MCAL/DIO.o
 .debug_macro   0x0000000000000cf2       0x34 AUTOSAR_Implementation/MCAL/DIO.o
 .debug_macro   0x0000000000000d26       0x16 AUTOSAR_Implementation/MCAL/DIO.o
 .debug_macro   0x0000000000000d3c      0x10e AUTOSAR_Implementation/MCAL/DIO.o
 .debug_macro   0x0000000000000e4a       0x8d AUTOSAR_Implementation/MCAL/DIO.o
 .debug_macro   0x0000000000000ed7       0x57 AUTOSAR_Implementation/MCAL/DIO.o
 .debug_macro   0x0000000000000f2e       0x52 AUTOSAR_Implementation/MCAL/DIO.o
 .debug_macro   0x0000000000000f80       0x1f AUTOSAR_Implementation/MCAL/DIO.o
 .debug_macro   0x0000000000000f9f       0x43 AUTOSAR_Implementation/MCAL/DIO.o
 .debug_macro   0x0000000000000fe2       0x20 AUTOSAR_Implementation/MCAL/DIO.o
 .debug_macro   0x0000000000001002      0x1a3 AUTOSAR_Implementation/MCAL/DIO.o
 .debug_macro   0x00000000000011a5      0x330 AUTOSAR_Implementation/MCAL/DIO.o
 .debug_macro   0x00000000000014d5       0x16 AUTOSAR_Implementation/MCAL/DIO.o
 .debug_macro   0x00000000000014eb       0x29 AUTOSAR_Implementation/MCAL/DIO.o
 .debug_macro   0x0000000000001514       0xef AUTOSAR_Implementation/MCAL/DIO.o
 .debug_macro   0x0000000000001603       0x6a AUTOSAR_Implementation/MCAL/DIO.o
 .debug_macro   0x000000000000166d      0x1df AUTOSAR_Implementation/MCAL/DIO.o
 .debug_macro   0x000000000000184c      0x6aa AUTOSAR_Implementation/MCAL/DIO.o
 .debug_macro   0x0000000000001ef6       0xd6 AUTOSAR_Implementation/MCAL/DIO.o
 .debug_macro   0x0000000000001fcc       0x1c AUTOSAR_Implementation/MCAL/DIO.o
 .debug_macro   0x0000000000001fe8      0x13f AUTOSAR_Implementation/MCAL/STM32_F103C6_GPIO_DRIVERS.o
 .debug_macro   0x0000000000002127       0xd0 AUTOSAR_Implementation/MCAL/STM32_F103C6_GPIO_DRIVERS.o
 .debug_macro   0x00000000000021f7      0x148 AUTOSAR_Implementation/MCAL/Timer.o
 .debug_macro   0x000000000000233f       0xfa AUTOSAR_Implementation/MCAL/Timer.o
 .debug_macro   0x0000000000002439      0x18b AUTOSAR_Implementation/RTE_Generation/Rte_SWC1_DoorLockIndecation.o
 .debug_macro   0x00000000000025c4      0x174 AUTOSAR_Implementation/RTE_Generation/Rte_SWC1_DoorLockIndecation.o
 .debug_macro   0x0000000000002738       0x10 AUTOSAR_Implementation/RTE_Generation/Rte_SWC1_DoorLockIndecation.o
 .debug_macro   0x0000000000002748       0x35 AUTOSAR_Implementation/RTE_Generation/Rte_SWC1_DoorLockIndecation.o
 .debug_macro   0x000000000000277d       0x20 AUTOSAR_Implementation/RTE_Generation/Rte_SWC1_DoorLockIndecation.o
 .debug_macro   0x000000000000279d       0x22 AUTOSAR_Implementation/RTE_Generation/Rte_SWC1_DoorLockIndecation.o
 .debug_macro   0x00000000000027bf       0x22 AUTOSAR_Implementation/RTE_Generation/Rte_SWC1_DoorLockIndecation.o
 .debug_macro   0x00000000000027e1       0x7c AUTOSAR_Implementation/RTE_Generation/Rte_SWC1_DoorLockIndecation.o
 .debug_macro   0x000000000000285d       0x40 AUTOSAR_Implementation/RTE_Generation/Rte_SWC1_DoorLockIndecation.o
 .debug_macro   0x000000000000289d       0x10 AUTOSAR_Implementation/RTE_Generation/Rte_SWC1_DoorLockIndecation.o
 .debug_macro   0x00000000000028ad       0x1c AUTOSAR_Implementation/RTE_Generation/Rte_SWC1_DoorLockIndecation.o
 .debug_macro   0x00000000000028c9      0x18b AUTOSAR_Implementation/RTE_Generation/Rte_SWC2_DoorLockIndecationAlgo.o
 .debug_macro   0x0000000000002a54       0x10 AUTOSAR_Implementation/RTE_Generation/Rte_SWC2_DoorLockIndecationAlgo.o
 .debug_macro   0x0000000000002a64       0x1c AUTOSAR_Implementation/RTE_Generation/Rte_SWC2_DoorLockIndecationAlgo.o
 .debug_macro   0x0000000000002a80      0x19c AUTOSAR_Implementation/SWC1_DoorLockIndecation.o
 .debug_macro   0x0000000000002c1c       0x8e AUTOSAR_Implementation/SWC1_DoorLockIndecation.o
 .debug_macro   0x0000000000002caa       0x51 AUTOSAR_Implementation/SWC1_DoorLockIndecation.o
 .debug_macro   0x0000000000002cfb       0x82 AUTOSAR_Implementation/SWC1_DoorLockIndecation.o
 .debug_macro   0x0000000000002d7d       0x46 AUTOSAR_Implementation/SWC1_DoorLockIndecation.o
 .debug_macro   0x0000000000002dc3      0x1ba AUTOSAR_Implementation/SWC2_DoorLockIndecationAlgo.o
 .debug_macro   0x0000000000002f7d      0x18b FreeRTOS/list.o
 .debug_macro   0x0000000000003108      0x271 FreeRTOS/tasks.o
 .debug_macro   0x0000000000003379       0x10 FreeRTOS/tasks.o
 .debug_macro   0x0000000000003389      0x177 FreeRTOS/portable/GCC/ARM_CM3/port.o
 .debug_macro   0x0000000000003500      0x1a6 FreeRTOS/portable/MemMang/heap_4.o
 .debug_macro   0x00000000000036a6      0x1c6 Src/main.o
 .debug_macro   0x000000000000386c      0x100 Src/main.o

.debug_line     0x0000000000000000     0x55cf
 .debug_line    0x0000000000000000      0x589 AUTOSAR_Implementation/MCAL/DIO.o
 .debug_line    0x0000000000000589      0x6a1 AUTOSAR_Implementation/MCAL/STM32_F103C6_GPIO_DRIVERS.o
 .debug_line    0x0000000000000c2a      0x622 AUTOSAR_Implementation/MCAL/Timer.o
 .debug_line    0x000000000000124c      0x625 AUTOSAR_Implementation/RTE_Generation/Rte_SWC1_DoorLockIndecation.o
 .debug_line    0x0000000000001871      0x635 AUTOSAR_Implementation/RTE_Generation/Rte_SWC2_DoorLockIndecationAlgo.o
 .debug_line    0x0000000000001ea6      0x6b0 AUTOSAR_Implementation/SWC1_DoorLockIndecation.o
 .debug_line    0x0000000000002556      0x6ef AUTOSAR_Implementation/SWC2_DoorLockIndecationAlgo.o
 .debug_line    0x0000000000002c45      0x669 FreeRTOS/list.o
 .debug_line    0x00000000000032ae      0xe82 FreeRTOS/tasks.o
 .debug_line    0x0000000000004130      0x5e4 FreeRTOS/portable/GCC/ARM_CM3/port.o
 .debug_line    0x0000000000004714      0x72b FreeRTOS/portable/MemMang/heap_4.o
 .debug_line    0x0000000000004e3f      0x70c Src/main.o
 .debug_line    0x000000000000554b       0x84 Startup/startup_stm32f103c6tx.o

.debug_str      0x0000000000000000    0x11d82
 .debug_str     0x0000000000000000     0x9344 AUTOSAR_Implementation/MCAL/DIO.o
                                       0x95aa (size before relaxing)
 .debug_str     0x0000000000009344      0x1e0 AUTOSAR_Implementation/MCAL/STM32_F103C6_GPIO_DRIVERS.o
                                       0x96b8 (size before relaxing)
 .debug_str     0x0000000000009524      0x73c AUTOSAR_Implementation/MCAL/Timer.o
                                       0x9c55 (size before relaxing)
 .debug_str     0x0000000000009c60      0xa09 AUTOSAR_Implementation/RTE_Generation/Rte_SWC1_DoorLockIndecation.o
                                       0x7880 (size before relaxing)
 .debug_str     0x000000000000a669      0x3d2 AUTOSAR_Implementation/RTE_Generation/Rte_SWC2_DoorLockIndecationAlgo.o
                                       0x7994 (size before relaxing)
 .debug_str     0x000000000000aa3b       0x34 AUTOSAR_Implementation/SWC1_DoorLockIndecation.o
                                       0x9c53 (size before relaxing)
 .debug_str     0x000000000000aa6f       0x38 AUTOSAR_Implementation/SWC2_DoorLockIndecationAlgo.o
                                       0x9e03 (size before relaxing)
 .debug_str     0x000000000000aaa7     0x3d09 FreeRTOS/list.o
                                       0xac46 (size before relaxing)
 .debug_str     0x000000000000e7b0     0x2bdb FreeRTOS/tasks.o
                                       0xd8a6 (size before relaxing)
 .debug_str     0x000000000001138b      0x5fc FreeRTOS/portable/GCC/ARM_CM3/port.o
                                       0x939c (size before relaxing)
 .debug_str     0x0000000000011987      0x30e FreeRTOS/portable/MemMang/heap_4.o
                                       0xc0a1 (size before relaxing)
 .debug_str     0x0000000000011c95       0xbc Src/main.o
                                       0xeb5b (size before relaxing)
 .debug_str     0x0000000000011d51       0x31 Startup/startup_stm32f103c6tx.o
                                         0x6d (size before relaxing)

.comment        0x0000000000000000       0x7b
 .comment       0x0000000000000000       0x7b AUTOSAR_Implementation/MCAL/DIO.o
                                         0x7c (size before relaxing)
 .comment       0x000000000000007b       0x7c AUTOSAR_Implementation/MCAL/STM32_F103C6_GPIO_DRIVERS.o
 .comment       0x000000000000007b       0x7c AUTOSAR_Implementation/MCAL/Timer.o
 .comment       0x000000000000007b       0x7c AUTOSAR_Implementation/RTE_Generation/Rte_SWC1_DoorLockIndecation.o
 .comment       0x000000000000007b       0x7c AUTOSAR_Implementation/RTE_Generation/Rte_SWC2_DoorLockIndecationAlgo.o
 .comment       0x000000000000007b       0x7c AUTOSAR_Implementation/SWC1_DoorLockIndecation.o
 .comment       0x000000000000007b       0x7c AUTOSAR_Implementation/SWC2_DoorLockIndecationAlgo.o
 .comment       0x000000000000007b       0x7c FreeRTOS/list.o
 .comment       0x000000000000007b       0x7c FreeRTOS/tasks.o
 .comment       0x000000000000007b       0x7c FreeRTOS/portable/GCC/ARM_CM3/port.o
 .comment       0x000000000000007b       0x7c FreeRTOS/portable/MemMang/heap_4.o
 .comment       0x000000000000007b       0x7c Src/main.o

.debug_frame    0x0000000000000000      0xf48
 .debug_frame   0x0000000000000000       0x58 AUTOSAR_Implementation/MCAL/DIO.o
 .debug_frame   0x0000000000000058      0x1a0 AUTOSAR_Implementation/MCAL/STM32_F103C6_GPIO_DRIVERS.o
 .debug_frame   0x00000000000001f8      0x110 AUTOSAR_Implementation/MCAL/Timer.o
 .debug_frame   0x0000000000000308       0x58 AUTOSAR_Implementation/RTE_Generation/Rte_SWC1_DoorLockIndecation.o
 .debug_frame   0x0000000000000360       0x54 AUTOSAR_Implementation/RTE_Generation/Rte_SWC2_DoorLockIndecationAlgo.o
 .debug_frame   0x00000000000003b4       0x58 AUTOSAR_Implementation/SWC1_DoorLockIndecation.o
 .debug_frame   0x000000000000040c       0x34 AUTOSAR_Implementation/SWC2_DoorLockIndecationAlgo.o
 .debug_frame   0x0000000000000440       0xd8 FreeRTOS/list.o
 .debug_frame   0x0000000000000518      0x6a4 FreeRTOS/tasks.o
 .debug_frame   0x0000000000000bbc      0x160 FreeRTOS/portable/GCC/ARM_CM3/port.o
 .debug_frame   0x0000000000000d1c      0x12c FreeRTOS/portable/MemMang/heap_4.o
 .debug_frame   0x0000000000000e48       0xb4 Src/main.o
 .debug_frame   0x0000000000000efc       0x2c c:/st/stm32cubeide_1.4.0/stm32cubeide/plugins/com.st.stm32cube.ide.mcu.externaltools.gnu-tools-for-stm32.7-2018-q2-update.win32_1.4.0.202007081208/tools/bin/../lib/gcc/arm-none-eabi/7.3.1/../../../../arm-none-eabi/lib/thumb/v7-m\libc_nano.a(lib_a-init.o)
 .debug_frame   0x0000000000000f28       0x20 c:/st/stm32cubeide_1.4.0/stm32cubeide/plugins/com.st.stm32cube.ide.mcu.externaltools.gnu-tools-for-stm32.7-2018-q2-update.win32_1.4.0.202007081208/tools/bin/../lib/gcc/arm-none-eabi/7.3.1/../../../../arm-none-eabi/lib/thumb/v7-m\libc_nano.a(lib_a-memset.o)
